
> harmonygrid@0.1.0 dev
> vite --host 127.0.0.1 --port 5173 --strictPort


  VITE v8.2.2  ready in 690 ms

  ➜  Local:   http://127.0.0.1:5173/
12:07:28 AM [vite] (client) page reload src/performance/model.ts
12:07:28 AM [vite] (client) page reload src/document/model.ts
12:07:28 AM [vite] (client) page reload src/render/geometry.ts
12:09:24 AM [vite] (client) page reload src/render/draw.ts
12:09:24 AM [vite] (client) page reload src/render/renderer.worker.ts
12:10:22 AM [vite] (client) page reload src/app.ts
12:10:22 AM [vite] (client) page reload src/view.ts
12:10:22 AM [vite] (client) page reload src/capture-ui.ts
12:10:23 AM [vite] (client) page reload docs/build/index.html
12:10:23 AM [vite] (client) page reload docs/build/index.html
12:14:06 AM [vite] (client) page reload src/grid-settings/ui.ts
12:14:06 AM [vite] (client) page reload docs/build/index.html
12:15:18 AM [vite] (client) page reload src/input/keyboard.ts
12:15:18 AM [vite] (client) page reload src/grid-settings/ui.ts
12:15:19 AM [vite] (client) page reload docs/build/index.html
12:16:26 AM [vite] (client) page reload docs/build/index.html
12:29:07 AM [vite] (client) page reload docs/prototypes/performance-settings/index.html
12:32:03 AM [vite] (client) page reload src/performance/model.ts
12:32:03 AM [vite] (client) page reload src/document/model.ts
12:32:43 AM [vite] (client) page reload src/input/midi.ts
12:33:38 AM [vite] (client) page reload src/performance/engine.ts
12:33:38 AM [vite] (client) page reload src/capture-ui.ts
12:35:19 AM [vite] (client) page reload docs/prototypes/performance-settings/index.html
12:37:49 AM [vite] (client) page reload src/app.ts
12:37:49 AM [vite] (client) page reload src/view.ts
12:37:49 AM [vite] (client) page reload src/capture-ui.ts
12:37:49 AM [vite] (client) page reload src/input/midi.ts
12:43:14 AM [vite] (client) page reload src/input/midi.ts
12:43:15 AM [vite] (client) page reload docs/build/index.html
12:43:15 AM [vite] (client) page reload docs/build/index.html
12:44:22 AM [vite] (client) page reload docs/prototypes/finishing-controls/index.html
12:45:50 AM [vite] (client) page reload src/audio/instrument.worklet.ts
12:45:50 AM [vite] (client) page reload src/document/model.ts
12:45:50 AM [vite] (client) page reload src/view.ts
12:45:50 AM [vite] (client) page reload src/app.ts
12:45:52 AM [vite] (client) page reload docs/build/index.html
12:45:52 AM [vite] (client) page reload docs/build/index.html
12:46:51 AM [vite] (client) page reload src/performance/model.ts
12:46:51 AM [vite] (client) page reload src/performance/engine.ts
12:46:51 AM [vite] (client) page reload src/performance/capture.ts
12:46:51 AM [vite] (client) page reload src/capture-ui.ts
12:46:51 AM [vite] (client) page reload src/slots/ui.ts
12:46:51 AM [vite] (client) page reload src/app.ts
12:46:52 AM [vite] (client) page reload docs/build/index.html
12:48:26 AM [vite] (client) page reload src/document/ui.ts
12:48:26 AM [vite] (client) page reload src/view.ts
12:48:26 AM [vite] (client) page reload src/app.ts
12:48:26 AM [vite] (client) page reload docs/build/index.html
12:49:23 AM [vite] (client) page reload src/diagnostics/trace.ts
12:49:23 AM [vite] (client) page reload src/render/renderer.worker.ts
12:49:23 AM [vite] (client) page reload src/app.ts
12:50:46 AM [vite] (client) page reload src/audio/voices.ts
12:50:46 AM [vite] (client) page reload src/app.ts
12:50:46 AM [vite] (client) page reload src/view.ts
12:50:48 AM [vite] (client) page reload docs/build/index.html
12:53:17 AM [vite] (client) page reload src/audio/instrument.worklet.ts
12:53:17 AM [vite] (client) page reload src/app.ts
12:53:40 AM [vite] changed tsconfig file detected: /Users/ethan/projects/harmonygrid/harmonygrid/tsconfig.json - Clearing cache and forcing full-reload to ensure TypeScript is compiled with updated config values.
12:53:41 AM [vite] (client) page reload docs/build/index.html
12:57:11 AM [vite] (client) page reload docs/completion-runs/endurance/.browser-profile-cLlYF4/WasmTtsEngine/20260826.1/offscreen.html
12:57:26 AM [vite] (client) page reload src/input/midi.ts
12:57:28 AM [vite] (client) page reload docs/build/index.html
12:58:59 AM [vite] (client) page reload src/performance/engine.ts
12:58:59 AM [vite] (client) page reload src/app.ts
12:59:00 AM [vite] (client) page reload docs/build/index.html
12:59:05 AM [vite] (client) page reload docs/completion-runs/endurance/.browser-profile-cLlYF4/WasmTtsEngine/20260826.1/offscreen.html
1:02:42 AM [vite] (client) hmr update /src/slots/style.css
1:02:42 AM [vite] (client) page reload docs/build/index.html
1:02:42 AM [vite] (client) page reload docs/build/index.html
7:56:49 AM [vite] (client) page reload src/app.ts
7:56:49 AM [vite] (client) page reload src/input/midi.ts
7:56:51 AM [vite] (client) page reload docs/build/index.html
7:56:51 AM [vite] (client) page reload docs/build/index.html
7:57:45 AM [vite] (client) page reload src/input/midi.ts
7:57:48 AM [vite] (client) page reload docs/build/index.html
8:13:32 AM [vite] (client) page reload docs/prototypes/hatched-circles/index.html
8:14:11 AM [vite] (client) page reload src/render/draw.ts
8:14:11 AM [vite] (client) hmr update /src/style.css
8:14:12 AM [vite] (client) page reload docs/build/index.html
8:14:12 AM [vite] (client) page reload docs/build/index.html
8:21:48 AM [vite] (client) page reload docs/prototypes/status-controls/controls.html
8:22:47 AM [vite] (client) page reload docs/prototypes/status-controls/controls.html
8:24:11 AM [vite] (client) page reload src/app.ts
8:24:11 AM [vite] (client) page reload src/capture-ui.ts
8:24:11 AM [vite] (client) page reload src/input/keyboard.ts
8:24:11 AM [vite] (client) page reload docs/build/index.html
8:25:30 AM [vite] (client) page reload src/grid-settings/status.ts
8:25:32 AM [vite] (client) page reload docs/build/index.html
8:33:18 AM [vite] (client) page reload src/help/ui.ts
8:33:18 AM [vite] (client) hmr update /src/help/style.css
8:33:19 AM [vite] (client) page reload docs/build/index.html
8:33:19 AM [vite] (client) page reload docs/build/index.html
8:46:11 AM [vite] (client) page reload src/render/draw.ts
8:46:11 AM [vite] (client) hmr update /src/style.css
8:46:12 AM [vite] (client) page reload docs/build/index.html
10:49:48 AM [vite] (client) page reload docs/website/index.html
10:50:47 AM [vite] (client) page reload docs/website/credits.html
10:50:47 AM [vite] (client) page reload docs/build/index.html
10:50:47 AM [vite] (client) page reload docs/build/index.html
10:50:47 AM [vite] (client) page reload docs/site/play/index.html
10:50:47 AM [vite] (client) page reload docs/site/index.html
10:50:47 AM [vite] (client) page reload docs/site/credits.html
10:51:11 AM [vite] (client) page reload docs/website/index.html
10:51:11 AM [vite] (client) page reload docs/site/index.html
10:51:29 AM [vite] (client) page reload docs/build/index.html
10:51:29 AM [vite] (client) page reload docs/build/index.html
10:53:25 AM [vite] (client) page reload docs/website/index.html
10:53:25 AM [vite] (client) page reload docs/site/index.html
10:56:53 AM [vite] (client) page reload docs/website/about.html
10:56:53 AM [vite] (client) page reload docs/website/index.html
10:57:12 AM [vite] (client) page reload docs/website/about.html
10:57:12 AM [vite] (client) page reload docs/site/about.html
10:57:12 AM [vite] (client) page reload docs/site/index.html
11:31:59 AM [vite] (client) page reload src/audio/instrument.worklet.ts
11:32:01 AM [vite] (client) page reload docs/site/play/index.html
11:32:01 AM [vite] (client) page reload docs/site/play/index.html
11:32:01 AM [vite] (client) page reload docs/site/index.html
11:32:01 AM [vite] (client) page reload docs/site/credits.html
11:32:01 AM [vite] (client) page reload docs/site/about.html
11:38:54 AM [vite] (client) page reload src/audio/instrument.worklet.ts
11:39:00 AM [vite] (client) page reload docs/site/play/index.html
11:39:00 AM [vite] (client) page reload docs/site/play/index.html
11:39:00 AM [vite] (client) page reload docs/site/index.html
11:39:00 AM [vite] (client) page reload docs/site/credits.html
11:39:00 AM [vite] (client) page reload docs/site/about.html
11:40:03 AM [vite] (client) page reload src/app.ts
11:40:04 AM [vite] (client) page reload docs/site/play/index.html
11:40:04 AM [vite] (client) page reload docs/site/index.html
11:40:04 AM [vite] (client) page reload docs/site/credits.html
11:40:04 AM [vite] (client) page reload docs/site/about.html
11:40:49 AM [vite] (client) page reload src/audio/instrument.worklet.ts
11:40:49 AM [vite] (client) page reload src/audio/voices.ts
11:40:50 AM [vite] (client) page reload docs/site/play/index.html
11:40:50 AM [vite] (client) page reload docs/site/index.html
11:40:50 AM [vite] (client) page reload docs/site/credits.html
11:40:50 AM [vite] (client) page reload docs/site/about.html
11:41:36 AM [vite] (client) page reload docs/website/index.html
11:41:36 AM [vite] (client) page reload docs/website/credits.html
11:41:36 AM [vite] (client) page reload docs/site/index.html
11:41:36 AM [vite] (client) page reload docs/site/credits.html
11:48:54 AM [vite] (client) page reload src/view.ts
11:48:54 AM [vite] (client) hmr update /src/style.css
11:48:54 AM [vite] (client) page reload index.html
11:48:54 AM [vite] (client) page reload docs/website/index.html
11:48:54 AM [vite] (client) page reload docs/website/about.html
11:48:54 AM [vite] (client) page reload docs/website/credits.html
11:48:54 AM [vite] (client) page reload docs/site/play/index.html
11:48:54 AM [vite] (client) page reload docs/site/play/index.html
11:48:54 AM [vite] (client) page reload docs/site/index.html
11:48:54 AM [vite] (client) page reload docs/site/credits.html
11:48:54 AM [vite] (client) page reload docs/site/about.html
11:49:21 AM [vite] (client) page reload docs/website/about.html
11:49:21 AM [vite] (client) page reload docs/site/about.html
11:49:41 AM [vite] (client) page reload docs/website/about.html
11:49:41 AM [vite] (client) page reload docs/site/about.html
11:50:48 AM [vite] (client) page reload docs/website/about.html
11:50:48 AM [vite] (client) page reload docs/site/about.html
12:01:50 PM [vite] (client) page reload docs/website/about.html
12:01:50 PM [vite] (client) page reload docs/site/about.html
12:26:02 PM [vite] (client) page reload docs/website/about.html
12:26:08 PM [vite] (client) page reload docs/website/about.html
12:26:24 PM [vite] (client) page reload docs/website/about.html
12:26:30 PM [vite] (client) page reload docs/site/about.html
12:26:49 PM [vite] (client) page reload docs/site/play/index.html
12:26:49 PM [vite] (client) page reload docs/site/index.html
12:26:49 PM [vite] (client) page reload docs/site/credits.html
12:26:49 PM [vite] (client) page reload docs/site/about.html
